// Jest Snapshot v1, https://goo.gl/fbAQLP

exports[`Modal renders correctly 1`] = `
<div
  aria-hidden="true"
  class="fd-ui__overlay fd-overlay fd-overlay--modal"
  name="fade"
  style="display: none;"
>
  <div
    class="fd-modal"
    tabindex="0"
  >
    <div
      class="fd-modal__content"
      role="document"
    >
      <div
        class="fd-modal__header"
      >
        <h1
          class="fd-modal__title"
        >
          
        </h1>
         
        <button
          aria-label="close"
          class="fd-modal__close fd-button--light"
        />
      </div>
       
      <div
        class="fd-modal__body"
      />
       
      <!---->
    </div>
  </div>
</div>
`;
