// Jest Snapshot v1, https://goo.gl/fbAQLP

exports[`Tree renders correctly: all item properties with custom names are present 1`] = `
<ul
  class="fd-tree"
  role="tree"
>
  <li
    class="fd-tree__item"
    role="treeitem"
  >
    <div
      class="fd-tree__row"
    >
      <div
        class="fd-tree__col fd-tree__col--control"
      >
        <button
          aria-label="Expand"
          class="fd-tree__control"
        />
         
        <span
          class="prepend-wrapper"
        />
         Monkey D. Luffy
      </div>
    </div>
     
    <ul
      aria-hidden="true"
      class="fd-tree__group fd-tree__group--sublevel-1"
      role="group"
    >
      <li
        class="fd-tree__item"
        role="treeitem"
      >
        <div
          class="fd-tree__row"
        >
          <div
            class="fd-tree__col fd-tree__col--control"
          >
            <!---->
             
            <span
              class="prepend-wrapper"
            />
             Pirate Hunter
          </div>
        </div>
         
        <!---->
      </li>
      <li
        class="fd-tree__item"
        role="treeitem"
      >
        <div
          class="fd-tree__row"
        >
          <div
            class="fd-tree__col fd-tree__col--control"
          >
            <!---->
             
            <span
              class="prepend-wrapper"
            />
             Black leg 
          </div>
        </div>
         
        <!---->
      </li>
      <li
        class="fd-tree__item"
        role="treeitem"
      >
        <div
          class="fd-tree__row"
        >
          <div
            class="fd-tree__col fd-tree__col--control"
          >
            <!---->
             
            <span
              class="prepend-wrapper"
            />
             Demon Child
          </div>
        </div>
         
        <!---->
      </li>
      <li
        class="fd-tree__item"
        role="treeitem"
      >
        <div
          class="fd-tree__row"
        >
          <div
            class="fd-tree__col fd-tree__col--control"
          >
            <!---->
             
            <span
              class="prepend-wrapper"
            />
             Oni Cyborb
          </div>
        </div>
         
        <!---->
      </li>
      <li
        class="fd-tree__item"
        role="treeitem"
      >
        <div
          class="fd-tree__row"
        >
          <div
            class="fd-tree__col fd-tree__col--control"
          >
            <!---->
             
            <span
              class="prepend-wrapper"
            />
             Soul King 
          </div>
        </div>
         
        <!---->
      </li>
      <li
        class="fd-tree__item"
        role="treeitem"
      >
        <div
          class="fd-tree__row"
        >
          <div
            class="fd-tree__col fd-tree__col--control"
          >
            <!---->
             
            <span
              class="prepend-wrapper"
            />
             Sogeking
          </div>
        </div>
         
        <!---->
      </li>
      <li
        class="fd-tree__item"
        role="treeitem"
      >
        <div
          class="fd-tree__row"
        >
          <div
            class="fd-tree__col fd-tree__col--control"
          >
            <!---->
             
            <span
              class="prepend-wrapper"
            />
             Pet
          </div>
        </div>
         
        <!---->
      </li>
      <li
        class="fd-tree__item"
        role="treeitem"
      >
        <div
          class="fd-tree__row"
        >
          <div
            class="fd-tree__col fd-tree__col--control"
          >
            <!---->
             
            <span
              class="prepend-wrapper"
            />
             Cat Burglar
          </div>
        </div>
         
        <!---->
      </li>
      <li
        class="fd-tree__item"
        role="treeitem"
      >
        <div
          class="fd-tree__row"
        >
          <div
            class="fd-tree__col fd-tree__col--control"
          >
            <!---->
             
            <span
              class="prepend-wrapper"
            />
             Knight of the Sea
          </div>
        </div>
         
        <!---->
      </li>
    </ul>
  </li>
  <li
    class="fd-tree__item"
    role="treeitem"
  >
    <div
      class="fd-tree__row"
    >
      <div
        class="fd-tree__col fd-tree__col--control"
      >
        <button
          aria-label="Expand"
          class="fd-tree__control"
        />
         
        <span
          class="prepend-wrapper"
        />
         Joker
      </div>
    </div>
     
    <ul
      aria-hidden="true"
      class="fd-tree__group fd-tree__group--sublevel-1"
      role="group"
    >
      <li
        class="fd-tree__item"
        role="treeitem"
      >
        <div
          class="fd-tree__row"
        >
          <div
            class="fd-tree__col fd-tree__col--control"
          >
            <!---->
             
            <span
              class="prepend-wrapper"
            />
             Trebol
          </div>
        </div>
         
        <!---->
      </li>
      <li
        class="fd-tree__item fd-tree__item-disabled"
        role="treeitem"
      >
        <div
          class="fd-tree__row"
        >
          <div
            class="fd-tree__col fd-tree__col--control"
          >
            <!---->
             
            <span
              class="prepend-wrapper"
            />
             Vergo
          </div>
        </div>
         
        <!---->
      </li>
      <li
        class="fd-tree__item fd-tree__item-disabled"
        role="treeitem"
      >
        <div
          class="fd-tree__row"
        >
          <div
            class="fd-tree__col fd-tree__col--control"
          >
            <!---->
             
            <span
              class="prepend-wrapper"
            />
             Corazon
          </div>
        </div>
         
        <!---->
      </li>
      <li
        class="fd-tree__item"
        role="treeitem"
      >
        <div
          class="fd-tree__row"
        >
          <div
            class="fd-tree__col fd-tree__col--control"
          >
            <button
              aria-label="Expand"
              class="fd-tree__control"
            />
             
            <span
              class="prepend-wrapper"
            />
             Pica
          </div>
        </div>
         
        <ul
          aria-hidden="true"
          class="fd-tree__group fd-tree__group--sublevel-2"
          role="group"
        >
          <li
            class="fd-tree__item"
            role="treeitem"
          >
            <div
              class="fd-tree__row"
            >
              <div
                class="fd-tree__col fd-tree__col--control"
              >
                <!---->
                 
                <span
                  class="prepend-wrapper"
                />
                 Baby 5
              </div>
            </div>
             
            <!---->
          </li>
          <li
            class="fd-tree__item"
            role="treeitem"
          >
            <div
              class="fd-tree__row"
            >
              <div
                class="fd-tree__col fd-tree__col--control"
              >
                <!---->
                 
                <span
                  class="prepend-wrapper"
                />
                 Buffalo
              </div>
            </div>
             
            <!---->
          </li>
          <li
            class="fd-tree__item"
            role="treeitem"
          >
            <div
              class="fd-tree__row"
            >
              <div
                class="fd-tree__col fd-tree__col--control"
              >
                <!---->
                 
                <span
                  class="prepend-wrapper"
                />
                 Gladius
              </div>
            </div>
             
            <!---->
          </li>
        </ul>
      </li>
    </ul>
  </li>
</ul>
`;

exports[`Tree renders correctly: all item properties with default names are present 1`] = `
<ul
  class="fd-tree"
  role="tree"
>
  <li
    class="fd-tree__item"
    role="treeitem"
  >
    <div
      class="fd-tree__row"
    >
      <div
        class="fd-tree__col fd-tree__col--control"
      >
        <button
          aria-label="Expand"
          class="fd-tree__control"
        />
         
        <span
          class="prepend-wrapper"
        />
         Monkey D. Luffy
      </div>
    </div>
     
    <ul
      aria-hidden="true"
      class="fd-tree__group fd-tree__group--sublevel-1"
      role="group"
    >
      <li
        class="fd-tree__item"
        role="treeitem"
      >
        <div
          class="fd-tree__row"
        >
          <div
            class="fd-tree__col fd-tree__col--control"
          >
            <!---->
             
            <span
              class="prepend-wrapper"
            />
             Pirate Hunter
          </div>
        </div>
         
        <!---->
      </li>
      <li
        class="fd-tree__item"
        role="treeitem"
      >
        <div
          class="fd-tree__row"
        >
          <div
            class="fd-tree__col fd-tree__col--control"
          >
            <!---->
             
            <span
              class="prepend-wrapper"
            />
             Black leg 
          </div>
        </div>
         
        <!---->
      </li>
      <li
        class="fd-tree__item"
        role="treeitem"
      >
        <div
          class="fd-tree__row"
        >
          <div
            class="fd-tree__col fd-tree__col--control"
          >
            <!---->
             
            <span
              class="prepend-wrapper"
            />
             Demon Child
          </div>
        </div>
         
        <!---->
      </li>
      <li
        class="fd-tree__item"
        role="treeitem"
      >
        <div
          class="fd-tree__row"
        >
          <div
            class="fd-tree__col fd-tree__col--control"
          >
            <!---->
             
            <span
              class="prepend-wrapper"
            />
             Oni Cyborb
          </div>
        </div>
         
        <!---->
      </li>
      <li
        class="fd-tree__item"
        role="treeitem"
      >
        <div
          class="fd-tree__row"
        >
          <div
            class="fd-tree__col fd-tree__col--control"
          >
            <!---->
             
            <span
              class="prepend-wrapper"
            />
             Soul King 
          </div>
        </div>
         
        <!---->
      </li>
      <li
        class="fd-tree__item"
        role="treeitem"
      >
        <div
          class="fd-tree__row"
        >
          <div
            class="fd-tree__col fd-tree__col--control"
          >
            <!---->
             
            <span
              class="prepend-wrapper"
            />
             Sogeking
          </div>
        </div>
         
        <!---->
      </li>
      <li
        class="fd-tree__item"
        role="treeitem"
      >
        <div
          class="fd-tree__row"
        >
          <div
            class="fd-tree__col fd-tree__col--control"
          >
            <!---->
             
            <span
              class="prepend-wrapper"
            />
             Pet
          </div>
        </div>
         
        <!---->
      </li>
      <li
        class="fd-tree__item"
        role="treeitem"
      >
        <div
          class="fd-tree__row"
        >
          <div
            class="fd-tree__col fd-tree__col--control"
          >
            <!---->
             
            <span
              class="prepend-wrapper"
            />
             Cat Burglar
          </div>
        </div>
         
        <!---->
      </li>
      <li
        class="fd-tree__item"
        role="treeitem"
      >
        <div
          class="fd-tree__row"
        >
          <div
            class="fd-tree__col fd-tree__col--control"
          >
            <!---->
             
            <span
              class="prepend-wrapper"
            />
             Knight of the Sea
          </div>
        </div>
         
        <!---->
      </li>
    </ul>
  </li>
  <li
    class="fd-tree__item"
    role="treeitem"
  >
    <div
      class="fd-tree__row"
    >
      <div
        class="fd-tree__col fd-tree__col--control"
      >
        <button
          aria-label="Expand"
          class="fd-tree__control"
        />
         
        <span
          class="prepend-wrapper"
        />
         Joker
      </div>
    </div>
     
    <ul
      aria-hidden="true"
      class="fd-tree__group fd-tree__group--sublevel-1"
      role="group"
    >
      <li
        class="fd-tree__item"
        role="treeitem"
      >
        <div
          class="fd-tree__row"
        >
          <div
            class="fd-tree__col fd-tree__col--control"
          >
            <!---->
             
            <span
              class="prepend-wrapper"
            />
             Trebol
          </div>
        </div>
         
        <!---->
      </li>
      <li
        class="fd-tree__item fd-tree__item-disabled"
        role="treeitem"
      >
        <div
          class="fd-tree__row"
        >
          <div
            class="fd-tree__col fd-tree__col--control"
          >
            <!---->
             
            <span
              class="prepend-wrapper"
            />
             Vergo
          </div>
        </div>
         
        <!---->
      </li>
      <li
        class="fd-tree__item fd-tree__item-disabled"
        role="treeitem"
      >
        <div
          class="fd-tree__row"
        >
          <div
            class="fd-tree__col fd-tree__col--control"
          >
            <!---->
             
            <span
              class="prepend-wrapper"
            />
             Corazon
          </div>
        </div>
         
        <!---->
      </li>
      <li
        class="fd-tree__item"
        role="treeitem"
      >
        <div
          class="fd-tree__row"
        >
          <div
            class="fd-tree__col fd-tree__col--control"
          >
            <button
              aria-label="Expand"
              class="fd-tree__control"
            />
             
            <span
              class="prepend-wrapper"
            />
             Pica
          </div>
        </div>
         
        <ul
          aria-hidden="true"
          class="fd-tree__group fd-tree__group--sublevel-2"
          role="group"
        >
          <li
            class="fd-tree__item"
            role="treeitem"
          >
            <div
              class="fd-tree__row"
            >
              <div
                class="fd-tree__col fd-tree__col--control"
              >
                <!---->
                 
                <span
                  class="prepend-wrapper"
                />
                 Baby 5
              </div>
            </div>
             
            <!---->
          </li>
          <li
            class="fd-tree__item"
            role="treeitem"
          >
            <div
              class="fd-tree__row"
            >
              <div
                class="fd-tree__col fd-tree__col--control"
              >
                <!---->
                 
                <span
                  class="prepend-wrapper"
                />
                 Buffalo
              </div>
            </div>
             
            <!---->
          </li>
          <li
            class="fd-tree__item"
            role="treeitem"
          >
            <div
              class="fd-tree__row"
            >
              <div
                class="fd-tree__col fd-tree__col--control"
              >
                <!---->
                 
                <span
                  class="prepend-wrapper"
                />
                 Gladius
              </div>
            </div>
             
            <!---->
          </li>
        </ul>
      </li>
    </ul>
  </li>
</ul>
`;

exports[`Tree renders correctly: custom slots + all item properties with custom names 1`] = `
<ul
  class="fd-tree"
  role="tree"
>
  <li
    class="fd-tree__item"
    role="treeitem"
  >
    <div
      class="fd-tree__row"
    >
      <div
        class="fd-tree__col fd-tree__col--control"
      >
        <button
          aria-label="Expand"
          class="fd-tree__control"
        />
         
        <span
          class="prepend-wrapper"
        >
          <span>
            
            document 
          </span>
        </span>
         
        <span
          style="margin-right: 4px;"
        >
           from scoped slot
        </span>
      </div>
    </div>
     
    <ul
      aria-hidden="true"
      class="fd-tree__group fd-tree__group--sublevel-1"
      role="group"
    >
      <li
        class="fd-tree__item"
        role="treeitem"
      >
        <div
          class="fd-tree__row"
        >
          <div
            class="fd-tree__col fd-tree__col--control"
          >
            <!---->
             
            <span
              class="prepend-wrapper"
            >
              <span>
                
            document 
              </span>
            </span>
             
            <span
              style="margin-right: 4px;"
            >
               from scoped slot
            </span>
          </div>
        </div>
         
        <!---->
      </li>
      <li
        class="fd-tree__item"
        role="treeitem"
      >
        <div
          class="fd-tree__row"
        >
          <div
            class="fd-tree__col fd-tree__col--control"
          >
            <!---->
             
            <span
              class="prepend-wrapper"
            >
              <span>
                
            document 
              </span>
            </span>
             
            <span
              style="margin-right: 4px;"
            >
               from scoped slot
            </span>
          </div>
        </div>
         
        <!---->
      </li>
      <li
        class="fd-tree__item"
        role="treeitem"
      >
        <div
          class="fd-tree__row"
        >
          <div
            class="fd-tree__col fd-tree__col--control"
          >
            <!---->
             
            <span
              class="prepend-wrapper"
            >
              <span>
                
            document 
              </span>
            </span>
             
            <span
              style="margin-right: 4px;"
            >
               from scoped slot
            </span>
          </div>
        </div>
         
        <!---->
      </li>
      <li
        class="fd-tree__item"
        role="treeitem"
      >
        <div
          class="fd-tree__row"
        >
          <div
            class="fd-tree__col fd-tree__col--control"
          >
            <!---->
             
            <span
              class="prepend-wrapper"
            >
              <span>
                
            document 
              </span>
            </span>
             
            <span
              style="margin-right: 4px;"
            >
               from scoped slot
            </span>
          </div>
        </div>
         
        <!---->
      </li>
      <li
        class="fd-tree__item"
        role="treeitem"
      >
        <div
          class="fd-tree__row"
        >
          <div
            class="fd-tree__col fd-tree__col--control"
          >
            <!---->
             
            <span
              class="prepend-wrapper"
            >
              <span>
                
            document 
              </span>
            </span>
             
            <span
              style="margin-right: 4px;"
            >
               from scoped slot
            </span>
          </div>
        </div>
         
        <!---->
      </li>
      <li
        class="fd-tree__item"
        role="treeitem"
      >
        <div
          class="fd-tree__row"
        >
          <div
            class="fd-tree__col fd-tree__col--control"
          >
            <!---->
             
            <span
              class="prepend-wrapper"
            >
              <span>
                
            document 
              </span>
            </span>
             
            <span
              style="margin-right: 4px;"
            >
               from scoped slot
            </span>
          </div>
        </div>
         
        <!---->
      </li>
      <li
        class="fd-tree__item"
        role="treeitem"
      >
        <div
          class="fd-tree__row"
        >
          <div
            class="fd-tree__col fd-tree__col--control"
          >
            <!---->
             
            <span
              class="prepend-wrapper"
            >
              <span>
                
            document 
              </span>
            </span>
             
            <span
              style="margin-right: 4px;"
            >
               from scoped slot
            </span>
          </div>
        </div>
         
        <!---->
      </li>
      <li
        class="fd-tree__item"
        role="treeitem"
      >
        <div
          class="fd-tree__row"
        >
          <div
            class="fd-tree__col fd-tree__col--control"
          >
            <!---->
             
            <span
              class="prepend-wrapper"
            >
              <span>
                
            document 
              </span>
            </span>
             
            <span
              style="margin-right: 4px;"
            >
               from scoped slot
            </span>
          </div>
        </div>
         
        <!---->
      </li>
      <li
        class="fd-tree__item"
        role="treeitem"
      >
        <div
          class="fd-tree__row"
        >
          <div
            class="fd-tree__col fd-tree__col--control"
          >
            <!---->
             
            <span
              class="prepend-wrapper"
            >
              <span>
                
            document 
              </span>
            </span>
             
            <span
              style="margin-right: 4px;"
            >
               from scoped slot
            </span>
          </div>
        </div>
         
        <!---->
      </li>
    </ul>
  </li>
  <li
    class="fd-tree__item"
    role="treeitem"
  >
    <div
      class="fd-tree__row"
    >
      <div
        class="fd-tree__col fd-tree__col--control"
      >
        <button
          aria-label="Expand"
          class="fd-tree__control"
        />
         
        <span
          class="prepend-wrapper"
        >
          <span>
            
            document 
          </span>
        </span>
         
        <span
          style="margin-right: 4px;"
        >
           from scoped slot
        </span>
      </div>
    </div>
     
    <ul
      aria-hidden="true"
      class="fd-tree__group fd-tree__group--sublevel-1"
      role="group"
    >
      <li
        class="fd-tree__item"
        role="treeitem"
      >
        <div
          class="fd-tree__row"
        >
          <div
            class="fd-tree__col fd-tree__col--control"
          >
            <!---->
             
            <span
              class="prepend-wrapper"
            >
              <span>
                
            document 
              </span>
            </span>
             
            <span
              style="margin-right: 4px;"
            >
               from scoped slot
            </span>
          </div>
        </div>
         
        <!---->
      </li>
      <li
        class="fd-tree__item fd-tree__item-disabled"
        role="treeitem"
      >
        <div
          class="fd-tree__row"
        >
          <div
            class="fd-tree__col fd-tree__col--control"
          >
            <!---->
             
            <span
              class="prepend-wrapper"
            >
              <span>
                
            document 
              </span>
            </span>
             
            <span
              style="margin-right: 4px;"
            >
               from scoped slot
            </span>
          </div>
        </div>
         
        <!---->
      </li>
      <li
        class="fd-tree__item fd-tree__item-disabled"
        role="treeitem"
      >
        <div
          class="fd-tree__row"
        >
          <div
            class="fd-tree__col fd-tree__col--control"
          >
            <!---->
             
            <span
              class="prepend-wrapper"
            >
              <span>
                
            document 
              </span>
            </span>
             
            <span
              style="margin-right: 4px;"
            >
               from scoped slot
            </span>
          </div>
        </div>
         
        <!---->
      </li>
      <li
        class="fd-tree__item"
        role="treeitem"
      >
        <div
          class="fd-tree__row"
        >
          <div
            class="fd-tree__col fd-tree__col--control"
          >
            <button
              aria-label="Expand"
              class="fd-tree__control"
            />
             
            <span
              class="prepend-wrapper"
            >
              <span>
                
            document 
              </span>
            </span>
             
            <span
              style="margin-right: 4px;"
            >
               from scoped slot
            </span>
          </div>
        </div>
         
        <ul
          aria-hidden="true"
          class="fd-tree__group fd-tree__group--sublevel-2"
          role="group"
        >
          <li
            class="fd-tree__item"
            role="treeitem"
          >
            <div
              class="fd-tree__row"
            >
              <div
                class="fd-tree__col fd-tree__col--control"
              >
                <!---->
                 
                <span
                  class="prepend-wrapper"
                >
                  <span>
                    
            document 
                  </span>
                </span>
                 
                <span
                  style="margin-right: 4px;"
                >
                   from scoped slot
                </span>
              </div>
            </div>
             
            <!---->
          </li>
          <li
            class="fd-tree__item"
            role="treeitem"
          >
            <div
              class="fd-tree__row"
            >
              <div
                class="fd-tree__col fd-tree__col--control"
              >
                <!---->
                 
                <span
                  class="prepend-wrapper"
                >
                  <span>
                    
            document 
                  </span>
                </span>
                 
                <span
                  style="margin-right: 4px;"
                >
                   from scoped slot
                </span>
              </div>
            </div>
             
            <!---->
          </li>
          <li
            class="fd-tree__item"
            role="treeitem"
          >
            <div
              class="fd-tree__row"
            >
              <div
                class="fd-tree__col fd-tree__col--control"
              >
                <!---->
                 
                <span
                  class="prepend-wrapper"
                >
                  <span>
                    
            document 
                  </span>
                </span>
                 
                <span
                  style="margin-right: 4px;"
                >
                   from scoped slot
                </span>
              </div>
            </div>
             
            <!---->
          </li>
        </ul>
      </li>
    </ul>
  </li>
</ul>
`;

exports[`Tree renders correctly: custom slots + all item properties with default names 1`] = `
<ul
  class="fd-tree"
  role="tree"
>
  <li
    class="fd-tree__item"
    role="treeitem"
  >
    <div
      class="fd-tree__row"
    >
      <div
        class="fd-tree__col fd-tree__col--control"
      >
        <button
          aria-label="Expand"
          class="fd-tree__control"
        />
         
        <span
          class="prepend-wrapper"
        >
          <span>
            
            document 
          </span>
        </span>
         
        <span
          style="margin-right: 4px;"
        >
           from scoped slot
        </span>
      </div>
    </div>
     
    <ul
      aria-hidden="true"
      class="fd-tree__group fd-tree__group--sublevel-1"
      role="group"
    >
      <li
        class="fd-tree__item"
        role="treeitem"
      >
        <div
          class="fd-tree__row"
        >
          <div
            class="fd-tree__col fd-tree__col--control"
          >
            <!---->
             
            <span
              class="prepend-wrapper"
            >
              <span>
                
            document 
              </span>
            </span>
             
            <span
              style="margin-right: 4px;"
            >
               from scoped slot
            </span>
          </div>
        </div>
         
        <!---->
      </li>
      <li
        class="fd-tree__item"
        role="treeitem"
      >
        <div
          class="fd-tree__row"
        >
          <div
            class="fd-tree__col fd-tree__col--control"
          >
            <!---->
             
            <span
              class="prepend-wrapper"
            >
              <span>
                
            document 
              </span>
            </span>
             
            <span
              style="margin-right: 4px;"
            >
               from scoped slot
            </span>
          </div>
        </div>
         
        <!---->
      </li>
      <li
        class="fd-tree__item"
        role="treeitem"
      >
        <div
          class="fd-tree__row"
        >
          <div
            class="fd-tree__col fd-tree__col--control"
          >
            <!---->
             
            <span
              class="prepend-wrapper"
            >
              <span>
                
            document 
              </span>
            </span>
             
            <span
              style="margin-right: 4px;"
            >
               from scoped slot
            </span>
          </div>
        </div>
         
        <!---->
      </li>
      <li
        class="fd-tree__item"
        role="treeitem"
      >
        <div
          class="fd-tree__row"
        >
          <div
            class="fd-tree__col fd-tree__col--control"
          >
            <!---->
             
            <span
              class="prepend-wrapper"
            >
              <span>
                
            document 
              </span>
            </span>
             
            <span
              style="margin-right: 4px;"
            >
               from scoped slot
            </span>
          </div>
        </div>
         
        <!---->
      </li>
      <li
        class="fd-tree__item"
        role="treeitem"
      >
        <div
          class="fd-tree__row"
        >
          <div
            class="fd-tree__col fd-tree__col--control"
          >
            <!---->
             
            <span
              class="prepend-wrapper"
            >
              <span>
                
            document 
              </span>
            </span>
             
            <span
              style="margin-right: 4px;"
            >
               from scoped slot
            </span>
          </div>
        </div>
         
        <!---->
      </li>
      <li
        class="fd-tree__item"
        role="treeitem"
      >
        <div
          class="fd-tree__row"
        >
          <div
            class="fd-tree__col fd-tree__col--control"
          >
            <!---->
             
            <span
              class="prepend-wrapper"
            >
              <span>
                
            document 
              </span>
            </span>
             
            <span
              style="margin-right: 4px;"
            >
               from scoped slot
            </span>
          </div>
        </div>
         
        <!---->
      </li>
      <li
        class="fd-tree__item"
        role="treeitem"
      >
        <div
          class="fd-tree__row"
        >
          <div
            class="fd-tree__col fd-tree__col--control"
          >
            <!---->
             
            <span
              class="prepend-wrapper"
            >
              <span>
                
            document 
              </span>
            </span>
             
            <span
              style="margin-right: 4px;"
            >
               from scoped slot
            </span>
          </div>
        </div>
         
        <!---->
      </li>
      <li
        class="fd-tree__item"
        role="treeitem"
      >
        <div
          class="fd-tree__row"
        >
          <div
            class="fd-tree__col fd-tree__col--control"
          >
            <!---->
             
            <span
              class="prepend-wrapper"
            >
              <span>
                
            document 
              </span>
            </span>
             
            <span
              style="margin-right: 4px;"
            >
               from scoped slot
            </span>
          </div>
        </div>
         
        <!---->
      </li>
      <li
        class="fd-tree__item"
        role="treeitem"
      >
        <div
          class="fd-tree__row"
        >
          <div
            class="fd-tree__col fd-tree__col--control"
          >
            <!---->
             
            <span
              class="prepend-wrapper"
            >
              <span>
                
            document 
              </span>
            </span>
             
            <span
              style="margin-right: 4px;"
            >
               from scoped slot
            </span>
          </div>
        </div>
         
        <!---->
      </li>
    </ul>
  </li>
  <li
    class="fd-tree__item"
    role="treeitem"
  >
    <div
      class="fd-tree__row"
    >
      <div
        class="fd-tree__col fd-tree__col--control"
      >
        <button
          aria-label="Expand"
          class="fd-tree__control"
        />
         
        <span
          class="prepend-wrapper"
        >
          <span>
            
            document 
          </span>
        </span>
         
        <span
          style="margin-right: 4px;"
        >
           from scoped slot
        </span>
      </div>
    </div>
     
    <ul
      aria-hidden="true"
      class="fd-tree__group fd-tree__group--sublevel-1"
      role="group"
    >
      <li
        class="fd-tree__item"
        role="treeitem"
      >
        <div
          class="fd-tree__row"
        >
          <div
            class="fd-tree__col fd-tree__col--control"
          >
            <!---->
             
            <span
              class="prepend-wrapper"
            >
              <span>
                
            document 
              </span>
            </span>
             
            <span
              style="margin-right: 4px;"
            >
               from scoped slot
            </span>
          </div>
        </div>
         
        <!---->
      </li>
      <li
        class="fd-tree__item fd-tree__item-disabled"
        role="treeitem"
      >
        <div
          class="fd-tree__row"
        >
          <div
            class="fd-tree__col fd-tree__col--control"
          >
            <!---->
             
            <span
              class="prepend-wrapper"
            >
              <span>
                
            document 
              </span>
            </span>
             
            <span
              style="margin-right: 4px;"
            >
               from scoped slot
            </span>
          </div>
        </div>
         
        <!---->
      </li>
      <li
        class="fd-tree__item fd-tree__item-disabled"
        role="treeitem"
      >
        <div
          class="fd-tree__row"
        >
          <div
            class="fd-tree__col fd-tree__col--control"
          >
            <!---->
             
            <span
              class="prepend-wrapper"
            >
              <span>
                
            document 
              </span>
            </span>
             
            <span
              style="margin-right: 4px;"
            >
               from scoped slot
            </span>
          </div>
        </div>
         
        <!---->
      </li>
      <li
        class="fd-tree__item"
        role="treeitem"
      >
        <div
          class="fd-tree__row"
        >
          <div
            class="fd-tree__col fd-tree__col--control"
          >
            <button
              aria-label="Expand"
              class="fd-tree__control"
            />
             
            <span
              class="prepend-wrapper"
            >
              <span>
                
            document 
              </span>
            </span>
             
            <span
              style="margin-right: 4px;"
            >
               from scoped slot
            </span>
          </div>
        </div>
         
        <ul
          aria-hidden="true"
          class="fd-tree__group fd-tree__group--sublevel-2"
          role="group"
        >
          <li
            class="fd-tree__item"
            role="treeitem"
          >
            <div
              class="fd-tree__row"
            >
              <div
                class="fd-tree__col fd-tree__col--control"
              >
                <!---->
                 
                <span
                  class="prepend-wrapper"
                >
                  <span>
                    
            document 
                  </span>
                </span>
                 
                <span
                  style="margin-right: 4px;"
                >
                   from scoped slot
                </span>
              </div>
            </div>
             
            <!---->
          </li>
          <li
            class="fd-tree__item"
            role="treeitem"
          >
            <div
              class="fd-tree__row"
            >
              <div
                class="fd-tree__col fd-tree__col--control"
              >
                <!---->
                 
                <span
                  class="prepend-wrapper"
                >
                  <span>
                    
            document 
                  </span>
                </span>
                 
                <span
                  style="margin-right: 4px;"
                >
                   from scoped slot
                </span>
              </div>
            </div>
             
            <!---->
          </li>
          <li
            class="fd-tree__item"
            role="treeitem"
          >
            <div
              class="fd-tree__row"
            >
              <div
                class="fd-tree__col fd-tree__col--control"
              >
                <!---->
                 
                <span
                  class="prepend-wrapper"
                >
                  <span>
                    
            document 
                  </span>
                </span>
                 
                <span
                  style="margin-right: 4px;"
                >
                   from scoped slot
                </span>
              </div>
            </div>
             
            <!---->
          </li>
        </ul>
      </li>
    </ul>
  </li>
</ul>
`;

exports[`Tree renders correctly: only 'children' and 'name' properties are present on item 1`] = `
<ul
  class="fd-tree"
  role="tree"
>
  <li
    class="fd-tree__item"
    role="treeitem"
  >
    <div
      class="fd-tree__row"
    >
      <div
        class="fd-tree__col fd-tree__col--control"
      >
        <button
          aria-label="Expand"
          class="fd-tree__control"
        />
         
        <span
          class="prepend-wrapper"
        />
         Monkey D. Luffy
      </div>
    </div>
     
    <ul
      aria-hidden="true"
      class="fd-tree__group fd-tree__group--sublevel-1"
      role="group"
    >
      <li
        class="fd-tree__item"
        role="treeitem"
      >
        <div
          class="fd-tree__row"
        >
          <div
            class="fd-tree__col fd-tree__col--control"
          >
            <!---->
             
            <span
              class="prepend-wrapper"
            />
             Pirate Hunter
          </div>
        </div>
         
        <!---->
      </li>
      <li
        class="fd-tree__item"
        role="treeitem"
      >
        <div
          class="fd-tree__row"
        >
          <div
            class="fd-tree__col fd-tree__col--control"
          >
            <!---->
             
            <span
              class="prepend-wrapper"
            />
             Black leg 
          </div>
        </div>
         
        <!---->
      </li>
      <li
        class="fd-tree__item"
        role="treeitem"
      >
        <div
          class="fd-tree__row"
        >
          <div
            class="fd-tree__col fd-tree__col--control"
          >
            <!---->
             
            <span
              class="prepend-wrapper"
            />
             Demon Child
          </div>
        </div>
         
        <!---->
      </li>
      <li
        class="fd-tree__item"
        role="treeitem"
      >
        <div
          class="fd-tree__row"
        >
          <div
            class="fd-tree__col fd-tree__col--control"
          >
            <!---->
             
            <span
              class="prepend-wrapper"
            />
             Oni Cyborb
          </div>
        </div>
         
        <!---->
      </li>
      <li
        class="fd-tree__item"
        role="treeitem"
      >
        <div
          class="fd-tree__row"
        >
          <div
            class="fd-tree__col fd-tree__col--control"
          >
            <!---->
             
            <span
              class="prepend-wrapper"
            />
             Soul King 
          </div>
        </div>
         
        <!---->
      </li>
      <li
        class="fd-tree__item"
        role="treeitem"
      >
        <div
          class="fd-tree__row"
        >
          <div
            class="fd-tree__col fd-tree__col--control"
          >
            <!---->
             
            <span
              class="prepend-wrapper"
            />
             Sogeking
          </div>
        </div>
         
        <!---->
      </li>
      <li
        class="fd-tree__item"
        role="treeitem"
      >
        <div
          class="fd-tree__row"
        >
          <div
            class="fd-tree__col fd-tree__col--control"
          >
            <!---->
             
            <span
              class="prepend-wrapper"
            />
             Pet
          </div>
        </div>
         
        <!---->
      </li>
      <li
        class="fd-tree__item"
        role="treeitem"
      >
        <div
          class="fd-tree__row"
        >
          <div
            class="fd-tree__col fd-tree__col--control"
          >
            <!---->
             
            <span
              class="prepend-wrapper"
            />
             Cat Burglar
          </div>
        </div>
         
        <!---->
      </li>
      <li
        class="fd-tree__item"
        role="treeitem"
      >
        <div
          class="fd-tree__row"
        >
          <div
            class="fd-tree__col fd-tree__col--control"
          >
            <!---->
             
            <span
              class="prepend-wrapper"
            />
             Knight of the Sea
          </div>
        </div>
         
        <!---->
      </li>
    </ul>
  </li>
  <li
    class="fd-tree__item"
    role="treeitem"
  >
    <div
      class="fd-tree__row"
    >
      <div
        class="fd-tree__col fd-tree__col--control"
      >
        <button
          aria-label="Expand"
          class="fd-tree__control"
        />
         
        <span
          class="prepend-wrapper"
        />
         Joker
      </div>
    </div>
     
    <ul
      aria-hidden="true"
      class="fd-tree__group fd-tree__group--sublevel-1"
      role="group"
    >
      <li
        class="fd-tree__item"
        role="treeitem"
      >
        <div
          class="fd-tree__row"
        >
          <div
            class="fd-tree__col fd-tree__col--control"
          >
            <!---->
             
            <span
              class="prepend-wrapper"
            />
             Trebol
          </div>
        </div>
         
        <!---->
      </li>
      <li
        class="fd-tree__item fd-tree__item-disabled"
        role="treeitem"
      >
        <div
          class="fd-tree__row"
        >
          <div
            class="fd-tree__col fd-tree__col--control"
          >
            <!---->
             
            <span
              class="prepend-wrapper"
            />
             Vergo
          </div>
        </div>
         
        <!---->
      </li>
      <li
        class="fd-tree__item fd-tree__item-disabled"
        role="treeitem"
      >
        <div
          class="fd-tree__row"
        >
          <div
            class="fd-tree__col fd-tree__col--control"
          >
            <!---->
             
            <span
              class="prepend-wrapper"
            />
             Corazon
          </div>
        </div>
         
        <!---->
      </li>
      <li
        class="fd-tree__item"
        role="treeitem"
      >
        <div
          class="fd-tree__row"
        >
          <div
            class="fd-tree__col fd-tree__col--control"
          >
            <button
              aria-label="Expand"
              class="fd-tree__control"
            />
             
            <span
              class="prepend-wrapper"
            />
             Pica
          </div>
        </div>
         
        <ul
          aria-hidden="true"
          class="fd-tree__group fd-tree__group--sublevel-2"
          role="group"
        >
          <li
            class="fd-tree__item"
            role="treeitem"
          >
            <div
              class="fd-tree__row"
            >
              <div
                class="fd-tree__col fd-tree__col--control"
              >
                <!---->
                 
                <span
                  class="prepend-wrapper"
                />
                 Baby 5
              </div>
            </div>
             
            <!---->
          </li>
          <li
            class="fd-tree__item"
            role="treeitem"
          >
            <div
              class="fd-tree__row"
            >
              <div
                class="fd-tree__col fd-tree__col--control"
              >
                <!---->
                 
                <span
                  class="prepend-wrapper"
                />
                 Buffalo
              </div>
            </div>
             
            <!---->
          </li>
          <li
            class="fd-tree__item"
            role="treeitem"
          >
            <div
              class="fd-tree__row"
            >
              <div
                class="fd-tree__col fd-tree__col--control"
              >
                <!---->
                 
                <span
                  class="prepend-wrapper"
                />
                 Gladius
              </div>
            </div>
             
            <!---->
          </li>
        </ul>
      </li>
    </ul>
  </li>
</ul>
`;
