// Jest Snapshot v1, https://goo.gl/fbAQLP

exports[`ObjectTree renderes correctly: 'json' prop with most common property types + 'rootName' and 'ignoreProperties' props 1`] = `
<ul
  class="fd-tree"
  role="tree"
>
  <li
    class="fd-tree__item"
    role="treeitem"
  >
    <div
      class="fd-tree__row"
    >
      <div
        class="fd-tree__col fd-tree__col--control"
      >
        <button
          aria-label="Expand"
          class="fd-tree__control"
        />
         
        <span
          class="prepend-wrapper"
        />
         
        <span
          class="object-tree--property-name"
          style="margin-right: 5px;"
        >
          custom name:
        </span>
         
        <span
          class="object-tree--property-object"
        >
          Object
        </span>
      </div>
    </div>
     
    <ul
      aria-hidden="true"
      class="fd-tree__group fd-tree__group--sublevel-1"
      role="group"
    >
      <li
        class="fd-tree__item"
        role="treeitem"
      >
        <div
          class="fd-tree__row"
        >
          <div
            class="fd-tree__col fd-tree__col--control"
          >
            <button
              aria-label="Expand"
              class="fd-tree__control"
            />
             
            <span
              class="prepend-wrapper"
            />
             
            <span
              class="object-tree--property-name"
              style="margin-right: 5px;"
            >
              status:
            </span>
             
            <span
              class="object-tree--property-object"
            >
              Object
            </span>
          </div>
        </div>
         
        <ul
          aria-hidden="true"
          class="fd-tree__group fd-tree__group--sublevel-2"
          role="group"
        >
          <li
            class="fd-tree__item"
            role="treeitem"
          >
            <div
              class="fd-tree__row"
            >
              <div
                class="fd-tree__col fd-tree__col--control"
              >
                <!---->
                 
                <span
                  class="prepend-wrapper"
                />
                 
                <span
                  class="object-tree--property-name"
                  style="margin-right: 5px;"
                >
                  success:
                </span>
                 
                <span
                  class="object-tree--property-boolean"
                >
                  false
                </span>
              </div>
            </div>
             
            <!---->
          </li>
          <li
            class="fd-tree__item"
            role="treeitem"
          >
            <div
              class="fd-tree__row"
            >
              <div
                class="fd-tree__col fd-tree__col--control"
              >
                <!---->
                 
                <span
                  class="prepend-wrapper"
                />
                 
                <span
                  class="object-tree--property-name"
                  style="margin-right: 5px;"
                >
                  message:
                </span>
                 
                <span
                  class="object-tree--property-string"
                >
                  "some string data"
                </span>
              </div>
            </div>
             
            <!---->
          </li>
        </ul>
      </li>
      <li
        class="fd-tree__item"
        role="treeitem"
      >
        <div
          class="fd-tree__row"
        >
          <div
            class="fd-tree__col fd-tree__col--control"
          >
            <!---->
             
            <span
              class="prepend-wrapper"
            />
             
            <span
              class="object-tree--property-name"
              style="margin-right: 5px;"
            >
              page:
            </span>
             
            <span
              class="object-tree--property-number"
            >
              1
            </span>
          </div>
        </div>
         
        <!---->
      </li>
      <li
        class="fd-tree__item"
        role="treeitem"
      >
        <div
          class="fd-tree__row"
        >
          <div
            class="fd-tree__col fd-tree__col--control"
          >
            <!---->
             
            <span
              class="prepend-wrapper"
            />
             
            <span
              class="object-tree--property-name"
              style="margin-right: 5px;"
            >
              pageSize:
            </span>
             
            <span
              class="object-tree--property-number"
            >
              4
            </span>
          </div>
        </div>
         
        <!---->
      </li>
      <li
        class="fd-tree__item"
        role="treeitem"
      >
        <div
          class="fd-tree__row"
        >
          <div
            class="fd-tree__col fd-tree__col--control"
          >
            <!---->
             
            <span
              class="prepend-wrapper"
            />
             
            <span
              class="object-tree--property-name"
              style="margin-right: 5px;"
            >
              nullProperty:
            </span>
             
            <span
              class="object-tree--property-null"
            >
              null
            </span>
          </div>
        </div>
         
        <!---->
      </li>
      <li
        class="fd-tree__item"
        role="treeitem"
      >
        <div
          class="fd-tree__row"
        >
          <div
            class="fd-tree__col fd-tree__col--control"
          >
            <!---->
             
            <span
              class="prepend-wrapper"
            />
             
            <span
              class="object-tree--property-name"
              style="margin-right: 5px;"
            >
              totalRecords:
            </span>
             
            <span
              class="object-tree--property-number"
            >
              1000
            </span>
          </div>
        </div>
         
        <!---->
      </li>
      <li
        class="fd-tree__item"
        role="treeitem"
      >
        <div
          class="fd-tree__row"
        >
          <div
            class="fd-tree__col fd-tree__col--control"
          >
            <button
              aria-label="Expand"
              class="fd-tree__control"
            />
             
            <span
              class="prepend-wrapper"
            />
             
            <span
              class="object-tree--property-name"
              style="margin-right: 5px;"
            >
              records:
            </span>
             
            <span
              class="object-tree--property-array"
            >
              Array(3)
            </span>
          </div>
        </div>
         
        <ul
          aria-hidden="true"
          class="fd-tree__group fd-tree__group--sublevel-2"
          role="group"
        >
          <li
            class="fd-tree__item"
            role="treeitem"
          >
            <div
              class="fd-tree__row"
            >
              <div
                class="fd-tree__col fd-tree__col--control"
              >
                <button
                  aria-label="Expand"
                  class="fd-tree__control"
                />
                 
                <span
                  class="prepend-wrapper"
                />
                 
                <span
                  class="object-tree--property-name"
                  style="margin-right: 5px;"
                >
                  0:
                </span>
                 
                <span
                  class="object-tree--property-object"
                >
                  Object
                </span>
              </div>
            </div>
             
            <ul
              aria-hidden="true"
              class="fd-tree__group fd-tree__group--sublevel-3"
              role="group"
            >
              <li
                class="fd-tree__item"
                role="treeitem"
              >
                <div
                  class="fd-tree__row"
                >
                  <div
                    class="fd-tree__col fd-tree__col--control"
                  >
                    <!---->
                     
                    <span
                      class="prepend-wrapper"
                    />
                     
                    <span
                      class="object-tree--property-name"
                      style="margin-right: 5px;"
                    >
                      name:
                    </span>
                     
                    <span
                      class="object-tree--property-string"
                    >
                      "Record name"
                    </span>
                  </div>
                </div>
                 
                <!---->
              </li>
              <li
                class="fd-tree__item"
                role="treeitem"
              >
                <div
                  class="fd-tree__row"
                >
                  <div
                    class="fd-tree__col fd-tree__col--control"
                  >
                    <!---->
                     
                    <span
                      class="prepend-wrapper"
                    />
                     
                    <span
                      class="object-tree--property-name"
                      style="margin-right: 5px;"
                    >
                      type:
                    </span>
                     
                    <span
                      class="object-tree--property-number"
                    >
                      5
                    </span>
                  </div>
                </div>
                 
                <!---->
              </li>
            </ul>
          </li>
          <li
            class="fd-tree__item"
            role="treeitem"
          >
            <div
              class="fd-tree__row"
            >
              <div
                class="fd-tree__col fd-tree__col--control"
              >
                <!---->
                 
                <span
                  class="prepend-wrapper"
                />
                 
                <span
                  class="object-tree--property-name"
                  style="margin-right: 5px;"
                >
                  1:
                </span>
                 
                <span
                  class="object-tree--property-number"
                >
                  2
                </span>
              </div>
            </div>
             
            <!---->
          </li>
          <li
            class="fd-tree__item"
            role="treeitem"
          >
            <div
              class="fd-tree__row"
            >
              <div
                class="fd-tree__col fd-tree__col--control"
              >
                <!---->
                 
                <span
                  class="prepend-wrapper"
                />
                 
                <span
                  class="object-tree--property-name"
                  style="margin-right: 5px;"
                >
                  2:
                </span>
                 
                <span
                  class="object-tree--property-string"
                >
                  "string"
                </span>
              </div>
            </div>
             
            <!---->
          </li>
        </ul>
      </li>
    </ul>
  </li>
</ul>
`;

exports[`ObjectTree renders correctly: 'object' prop with most common property types 1`] = `
<ul
  class="fd-tree"
  role="tree"
>
  <li
    class="fd-tree__item"
    role="treeitem"
  >
    <div
      class="fd-tree__row"
    >
      <div
        class="fd-tree__col fd-tree__col--control"
      >
        <button
          aria-label="Expand"
          class="fd-tree__control"
        />
         
        <span
          class="prepend-wrapper"
        />
         
        <span
          class="object-tree--property-name"
          style="margin-right: 5px;"
        >
          custom name:
        </span>
         
        <span
          class="object-tree--property-object"
        >
          Object
        </span>
      </div>
    </div>
     
    <ul
      aria-hidden="true"
      class="fd-tree__group fd-tree__group--sublevel-1"
      role="group"
    >
      <li
        class="fd-tree__item"
        role="treeitem"
      >
        <div
          class="fd-tree__row"
        >
          <div
            class="fd-tree__col fd-tree__col--control"
          >
            <button
              aria-label="Expand"
              class="fd-tree__control"
            />
             
            <span
              class="prepend-wrapper"
            />
             
            <span
              class="object-tree--property-name"
              style="margin-right: 5px;"
            >
              status:
            </span>
             
            <span
              class="object-tree--property-object"
            >
              Object
            </span>
          </div>
        </div>
         
        <ul
          aria-hidden="true"
          class="fd-tree__group fd-tree__group--sublevel-2"
          role="group"
        >
          <li
            class="fd-tree__item"
            role="treeitem"
          >
            <div
              class="fd-tree__row"
            >
              <div
                class="fd-tree__col fd-tree__col--control"
              >
                <!---->
                 
                <span
                  class="prepend-wrapper"
                />
                 
                <span
                  class="object-tree--property-name"
                  style="margin-right: 5px;"
                >
                  success:
                </span>
                 
                <span
                  class="object-tree--property-boolean"
                >
                  false
                </span>
              </div>
            </div>
             
            <!---->
          </li>
          <li
            class="fd-tree__item"
            role="treeitem"
          >
            <div
              class="fd-tree__row"
            >
              <div
                class="fd-tree__col fd-tree__col--control"
              >
                <!---->
                 
                <span
                  class="prepend-wrapper"
                />
                 
                <span
                  class="object-tree--property-name"
                  style="margin-right: 5px;"
                >
                  message:
                </span>
                 
                <span
                  class="object-tree--property-string"
                >
                  "some string data"
                </span>
              </div>
            </div>
             
            <!---->
          </li>
        </ul>
      </li>
      <li
        class="fd-tree__item"
        role="treeitem"
      >
        <div
          class="fd-tree__row"
        >
          <div
            class="fd-tree__col fd-tree__col--control"
          >
            <!---->
             
            <span
              class="prepend-wrapper"
            />
             
            <span
              class="object-tree--property-name"
              style="margin-right: 5px;"
            >
              page:
            </span>
             
            <span
              class="object-tree--property-number"
            >
              1
            </span>
          </div>
        </div>
         
        <!---->
      </li>
      <li
        class="fd-tree__item"
        role="treeitem"
      >
        <div
          class="fd-tree__row"
        >
          <div
            class="fd-tree__col fd-tree__col--control"
          >
            <!---->
             
            <span
              class="prepend-wrapper"
            />
             
            <span
              class="object-tree--property-name"
              style="margin-right: 5px;"
            >
              pageSize:
            </span>
             
            <span
              class="object-tree--property-number"
            >
              4
            </span>
          </div>
        </div>
         
        <!---->
      </li>
      <li
        class="fd-tree__item"
        role="treeitem"
      >
        <div
          class="fd-tree__row"
        >
          <div
            class="fd-tree__col fd-tree__col--control"
          >
            <!---->
             
            <span
              class="prepend-wrapper"
            />
             
            <span
              class="object-tree--property-name"
              style="margin-right: 5px;"
            >
              nullProperty:
            </span>
             
            <span
              class="object-tree--property-null"
            >
              null
            </span>
          </div>
        </div>
         
        <!---->
      </li>
      <li
        class="fd-tree__item"
        role="treeitem"
      >
        <div
          class="fd-tree__row"
        >
          <div
            class="fd-tree__col fd-tree__col--control"
          >
            <!---->
             
            <span
              class="prepend-wrapper"
            />
             
            <span
              class="object-tree--property-name"
              style="margin-right: 5px;"
            >
              totalRecords:
            </span>
             
            <span
              class="object-tree--property-number"
            >
              1000
            </span>
          </div>
        </div>
         
        <!---->
      </li>
      <li
        class="fd-tree__item"
        role="treeitem"
      >
        <div
          class="fd-tree__row"
        >
          <div
            class="fd-tree__col fd-tree__col--control"
          >
            <button
              aria-label="Expand"
              class="fd-tree__control"
            />
             
            <span
              class="prepend-wrapper"
            />
             
            <span
              class="object-tree--property-name"
              style="margin-right: 5px;"
            >
              records:
            </span>
             
            <span
              class="object-tree--property-array"
            >
              Array(3)
            </span>
          </div>
        </div>
         
        <ul
          aria-hidden="true"
          class="fd-tree__group fd-tree__group--sublevel-2"
          role="group"
        >
          <li
            class="fd-tree__item"
            role="treeitem"
          >
            <div
              class="fd-tree__row"
            >
              <div
                class="fd-tree__col fd-tree__col--control"
              >
                <button
                  aria-label="Expand"
                  class="fd-tree__control"
                />
                 
                <span
                  class="prepend-wrapper"
                />
                 
                <span
                  class="object-tree--property-name"
                  style="margin-right: 5px;"
                >
                  0:
                </span>
                 
                <span
                  class="object-tree--property-object"
                >
                  Object
                </span>
              </div>
            </div>
             
            <ul
              aria-hidden="true"
              class="fd-tree__group fd-tree__group--sublevel-3"
              role="group"
            >
              <li
                class="fd-tree__item"
                role="treeitem"
              >
                <div
                  class="fd-tree__row"
                >
                  <div
                    class="fd-tree__col fd-tree__col--control"
                  >
                    <!---->
                     
                    <span
                      class="prepend-wrapper"
                    />
                     
                    <span
                      class="object-tree--property-name"
                      style="margin-right: 5px;"
                    >
                      name:
                    </span>
                     
                    <span
                      class="object-tree--property-string"
                    >
                      "Record name"
                    </span>
                  </div>
                </div>
                 
                <!---->
              </li>
              <li
                class="fd-tree__item"
                role="treeitem"
              >
                <div
                  class="fd-tree__row"
                >
                  <div
                    class="fd-tree__col fd-tree__col--control"
                  >
                    <!---->
                     
                    <span
                      class="prepend-wrapper"
                    />
                     
                    <span
                      class="object-tree--property-name"
                      style="margin-right: 5px;"
                    >
                      type:
                    </span>
                     
                    <span
                      class="object-tree--property-number"
                    >
                      5
                    </span>
                  </div>
                </div>
                 
                <!---->
              </li>
            </ul>
          </li>
          <li
            class="fd-tree__item"
            role="treeitem"
          >
            <div
              class="fd-tree__row"
            >
              <div
                class="fd-tree__col fd-tree__col--control"
              >
                <!---->
                 
                <span
                  class="prepend-wrapper"
                />
                 
                <span
                  class="object-tree--property-name"
                  style="margin-right: 5px;"
                >
                  1:
                </span>
                 
                <span
                  class="object-tree--property-number"
                >
                  2
                </span>
              </div>
            </div>
             
            <!---->
          </li>
          <li
            class="fd-tree__item"
            role="treeitem"
          >
            <div
              class="fd-tree__row"
            >
              <div
                class="fd-tree__col fd-tree__col--control"
              >
                <!---->
                 
                <span
                  class="prepend-wrapper"
                />
                 
                <span
                  class="object-tree--property-name"
                  style="margin-right: 5px;"
                >
                  2:
                </span>
                 
                <span
                  class="object-tree--property-string"
                >
                  "string"
                </span>
              </div>
            </div>
             
            <!---->
          </li>
        </ul>
      </li>
    </ul>
  </li>
</ul>
`;
