// Jest Snapshot v1, https://goo.gl/fbAQLP

exports[`ListGroup renders correctly 1`] = `
<ul
  class="fd-list-group"
>
  <div>
    <li
      class="fd-list-group__item"
    >
      List Item 1 
      <span
        class="fd-list-group__action"
      >
        <div>
          Action 1
        </div>
      </span>
    </li>
    <li
      class="fd-list-group__item"
    >
      List Item 2 
      <span
        class="fd-list-group__action"
      >
        <div>
          Action 2
        </div>
      </span>
    </li>
  </div>
</ul>
`;
