// Jest Snapshot v1, https://goo.gl/fbAQLP

exports[`PanelGrid renders correctly 1`] = `
<div
  class="fd-panel-grid fd-panel-grid--4col fd-panel-grid--nogap"
>
  Default slot
</div>
`;

exports[`PanelGrid renders correctly nogap:false  1`] = `
<div
  class="fd-panel-grid fd-panel-grid--2col"
/>
`;
