// Jest Snapshot v1, https://goo.gl/fbAQLP

exports[`Breadcrumb renders correctly 1`] = `
<ul
  class="fd-breadcrumb"
>
  <div>
    <li
      class="fd-breadcrumb__item"
    >
      <a
        class="fd-breadcrumb__link"
        href="#item1"
      >
        Item 1
      </a>
    </li>
    <li
      class="fd-breadcrumb__item"
    >
      <a
        class="fd-breadcrumb__link"
        href="#item2"
      >
        Item 2
      </a>
    </li>
  </div>
</ul>
`;
