// Jest Snapshot v1, https://goo.gl/fbAQLP

exports[`fd-day-picker renders multiple selection correctly: range selection 1`] = `
<div
  aria-hidden="false"
  class="fd-calendar__dates"
>
  <table
    class="fd-calendar__table"
    role="grid"
  >
    <thead
      class="fd-calendar__group"
    >
      <tr
        class="fd-calendar__row"
      >
        <th
          class="fd-calendar__column-header"
        >
          <span
            class="fd-calendar__day-of-week"
          >
            Su
          </span>
        </th>
        <th
          class="fd-calendar__column-header"
        >
          <span
            class="fd-calendar__day-of-week"
          >
            M
          </span>
        </th>
        <th
          class="fd-calendar__column-header"
        >
          <span
            class="fd-calendar__day-of-week"
          >
            Tu
          </span>
        </th>
        <th
          class="fd-calendar__column-header"
        >
          <span
            class="fd-calendar__day-of-week"
          >
            W
          </span>
        </th>
        <th
          class="fd-calendar__column-header"
        >
          <span
            class="fd-calendar__day-of-week"
          >
            Th
          </span>
        </th>
        <th
          class="fd-calendar__column-header"
        >
          <span
            class="fd-calendar__day-of-week"
          >
            F
          </span>
        </th>
        <th
          class="fd-calendar__column-header"
        >
          <span
            class="fd-calendar__day-of-week"
          >
            S
          </span>
        </th>
      </tr>
    </thead>
     
    <tbody
      class="fd-calendar__group"
    >
      <tr
        class="fd-calendar__row"
      >
        <td
          class="fd-calendar__item fd-calendar__item--other-month"
        >
          <span
            class="fd-calendar__text"
            role="button"
          >
            26
          </span>
        </td>
        <td
          class="fd-calendar__item fd-calendar__item--other-month"
        >
          <span
            class="fd-calendar__text"
            role="button"
          >
            27
          </span>
        </td>
        <td
          class="fd-calendar__item fd-calendar__item--other-month"
        >
          <span
            class="fd-calendar__text"
            role="button"
          >
            28
          </span>
        </td>
        <td
          class="fd-calendar__item fd-calendar__item--other-month"
        >
          <span
            class="fd-calendar__text"
            role="button"
          >
            29
          </span>
        </td>
        <td
          class="fd-calendar__item fd-calendar__item--other-month"
        >
          <span
            class="fd-calendar__text"
            role="button"
          >
            30
          </span>
        </td>
        <td
          class="fd-calendar__item fd-calendar__item--other-month"
        >
          <span
            class="fd-calendar__text"
            role="button"
          >
            31
          </span>
        </td>
        <td
          class="fd-calendar__item"
        >
          <span
            class="fd-calendar__text"
            role="button"
          >
            1
          </span>
        </td>
      </tr>
      <tr
        class="fd-calendar__row"
      >
        <td
          class="fd-calendar__item"
        >
          <span
            class="fd-calendar__text"
            role="button"
          >
            2
          </span>
        </td>
        <td
          class="fd-calendar__item"
        >
          <span
            class="fd-calendar__text"
            role="button"
          >
            3
          </span>
        </td>
        <td
          class="fd-calendar__item"
        >
          <span
            class="fd-calendar__text"
            role="button"
          >
            4
          </span>
        </td>
        <td
          class="fd-calendar__item"
        >
          <span
            class="fd-calendar__text"
            role="button"
          >
            5
          </span>
        </td>
        <td
          class="fd-calendar__item"
        >
          <span
            class="fd-calendar__text"
            role="button"
          >
            6
          </span>
        </td>
        <td
          class="fd-calendar__item"
        >
          <span
            class="fd-calendar__text"
            role="button"
          >
            7
          </span>
        </td>
        <td
          class="fd-calendar__item"
        >
          <span
            class="fd-calendar__text"
            role="button"
          >
            8
          </span>
        </td>
      </tr>
      <tr
        class="fd-calendar__row"
      >
        <td
          class="fd-calendar__item"
        >
          <span
            class="fd-calendar__text"
            role="button"
          >
            9
          </span>
        </td>
        <td
          class="fd-calendar__item"
        >
          <span
            class="fd-calendar__text"
            role="button"
          >
            10
          </span>
        </td>
        <td
          class="fd-calendar__item"
        >
          <span
            class="fd-calendar__text"
            role="button"
          >
            11
          </span>
        </td>
        <td
          class="fd-calendar__item"
        >
          <span
            class="fd-calendar__text"
            role="button"
          >
            12
          </span>
        </td>
        <td
          class="fd-calendar__item"
        >
          <span
            class="fd-calendar__text"
            role="button"
          >
            13
          </span>
        </td>
        <td
          class="fd-calendar__item"
        >
          <span
            class="fd-calendar__text"
            role="button"
          >
            14
          </span>
        </td>
        <td
          class="fd-calendar__item"
        >
          <span
            class="fd-calendar__text"
            role="button"
          >
            15
          </span>
        </td>
      </tr>
      <tr
        class="fd-calendar__row"
      >
        <td
          class="fd-calendar__item"
        >
          <span
            class="fd-calendar__text"
            role="button"
          >
            16
          </span>
        </td>
        <td
          class="fd-calendar__item"
        >
          <span
            class="fd-calendar__text"
            role="button"
          >
            17
          </span>
        </td>
        <td
          class="fd-calendar__item"
        >
          <span
            class="fd-calendar__text"
            role="button"
          >
            18
          </span>
        </td>
        <td
          class="fd-calendar__item"
        >
          <span
            class="fd-calendar__text"
            role="button"
          >
            19
          </span>
        </td>
        <td
          class="fd-calendar__item fd-calendar__item--current"
        >
          <span
            class="fd-calendar__text"
            role="button"
          >
            20
          </span>
        </td>
        <td
          class="fd-calendar__item is-selected is-selected-range-first"
        >
          <span
            class="fd-calendar__text"
            role="button"
          >
            21
          </span>
        </td>
        <td
          class="fd-calendar__item is-selected-range"
        >
          <span
            class="fd-calendar__text"
            role="button"
          >
            22
          </span>
        </td>
      </tr>
      <tr
        class="fd-calendar__row"
      >
        <td
          class="fd-calendar__item is-selected-range"
        >
          <span
            class="fd-calendar__text"
            role="button"
          >
            23
          </span>
        </td>
        <td
          class="fd-calendar__item is-selected is-selected-range-last"
        >
          <span
            class="fd-calendar__text"
            role="button"
          >
            24
          </span>
        </td>
        <td
          class="fd-calendar__item"
        >
          <span
            class="fd-calendar__text"
            role="button"
          >
            25
          </span>
        </td>
        <td
          class="fd-calendar__item"
        >
          <span
            class="fd-calendar__text"
            role="button"
          >
            26
          </span>
        </td>
        <td
          class="fd-calendar__item"
        >
          <span
            class="fd-calendar__text"
            role="button"
          >
            27
          </span>
        </td>
        <td
          class="fd-calendar__item"
        >
          <span
            class="fd-calendar__text"
            role="button"
          >
            28
          </span>
        </td>
        <td
          class="fd-calendar__item"
        >
          <span
            class="fd-calendar__text"
            role="button"
          >
            29
          </span>
        </td>
      </tr>
      <tr
        class="fd-calendar__row"
      >
        <td
          class="fd-calendar__item"
        >
          <span
            class="fd-calendar__text"
            role="button"
          >
            30
          </span>
        </td>
        <td
          class="fd-calendar__item fd-calendar__item--other-month"
        >
          <span
            class="fd-calendar__text"
            role="button"
          >
            1
          </span>
        </td>
        <td
          class="fd-calendar__item fd-calendar__item--other-month"
        >
          <span
            class="fd-calendar__text"
            role="button"
          >
            2
          </span>
        </td>
        <td
          class="fd-calendar__item fd-calendar__item--other-month"
        >
          <span
            class="fd-calendar__text"
            role="button"
          >
            3
          </span>
        </td>
        <td
          class="fd-calendar__item fd-calendar__item--other-month"
        >
          <span
            class="fd-calendar__text"
            role="button"
          >
            4
          </span>
        </td>
        <td
          class="fd-calendar__item fd-calendar__item--other-month"
        >
          <span
            class="fd-calendar__text"
            role="button"
          >
            5
          </span>
        </td>
        <td
          class="fd-calendar__item fd-calendar__item--other-month"
        >
          <span
            class="fd-calendar__text"
            role="button"
          >
            6
          </span>
        </td>
      </tr>
    </tbody>
  </table>
</div>
`;

exports[`fd-day-picker renders single selection correctly 1`] = `
<div
  aria-hidden="false"
  class="fd-calendar__dates"
>
  <table
    class="fd-calendar__table"
    role="grid"
  >
    <thead
      class="fd-calendar__group"
    >
      <tr
        class="fd-calendar__row"
      >
        <th
          class="fd-calendar__column-header"
        >
          <span
            class="fd-calendar__day-of-week"
          >
            Su
          </span>
        </th>
        <th
          class="fd-calendar__column-header"
        >
          <span
            class="fd-calendar__day-of-week"
          >
            M
          </span>
        </th>
        <th
          class="fd-calendar__column-header"
        >
          <span
            class="fd-calendar__day-of-week"
          >
            Tu
          </span>
        </th>
        <th
          class="fd-calendar__column-header"
        >
          <span
            class="fd-calendar__day-of-week"
          >
            W
          </span>
        </th>
        <th
          class="fd-calendar__column-header"
        >
          <span
            class="fd-calendar__day-of-week"
          >
            Th
          </span>
        </th>
        <th
          class="fd-calendar__column-header"
        >
          <span
            class="fd-calendar__day-of-week"
          >
            F
          </span>
        </th>
        <th
          class="fd-calendar__column-header"
        >
          <span
            class="fd-calendar__day-of-week"
          >
            S
          </span>
        </th>
      </tr>
    </thead>
     
    <tbody
      class="fd-calendar__group"
    >
      <tr
        class="fd-calendar__row"
      >
        <td
          class="fd-calendar__item fd-calendar__item--other-month"
        >
          <span
            class="fd-calendar__text"
            role="button"
          >
            26
          </span>
        </td>
        <td
          class="fd-calendar__item fd-calendar__item--other-month"
        >
          <span
            class="fd-calendar__text"
            role="button"
          >
            27
          </span>
        </td>
        <td
          class="fd-calendar__item fd-calendar__item--other-month"
        >
          <span
            class="fd-calendar__text"
            role="button"
          >
            28
          </span>
        </td>
        <td
          class="fd-calendar__item fd-calendar__item--other-month"
        >
          <span
            class="fd-calendar__text"
            role="button"
          >
            29
          </span>
        </td>
        <td
          class="fd-calendar__item fd-calendar__item--other-month"
        >
          <span
            class="fd-calendar__text"
            role="button"
          >
            30
          </span>
        </td>
        <td
          class="fd-calendar__item fd-calendar__item--other-month"
        >
          <span
            class="fd-calendar__text"
            role="button"
          >
            31
          </span>
        </td>
        <td
          class="fd-calendar__item"
        >
          <span
            class="fd-calendar__text"
            role="button"
          >
            1
          </span>
        </td>
      </tr>
      <tr
        class="fd-calendar__row"
      >
        <td
          class="fd-calendar__item"
        >
          <span
            class="fd-calendar__text"
            role="button"
          >
            2
          </span>
        </td>
        <td
          class="fd-calendar__item"
        >
          <span
            class="fd-calendar__text"
            role="button"
          >
            3
          </span>
        </td>
        <td
          class="fd-calendar__item"
        >
          <span
            class="fd-calendar__text"
            role="button"
          >
            4
          </span>
        </td>
        <td
          class="fd-calendar__item"
        >
          <span
            class="fd-calendar__text"
            role="button"
          >
            5
          </span>
        </td>
        <td
          class="fd-calendar__item"
        >
          <span
            class="fd-calendar__text"
            role="button"
          >
            6
          </span>
        </td>
        <td
          class="fd-calendar__item"
        >
          <span
            class="fd-calendar__text"
            role="button"
          >
            7
          </span>
        </td>
        <td
          class="fd-calendar__item"
        >
          <span
            class="fd-calendar__text"
            role="button"
          >
            8
          </span>
        </td>
      </tr>
      <tr
        class="fd-calendar__row"
      >
        <td
          class="fd-calendar__item"
        >
          <span
            class="fd-calendar__text"
            role="button"
          >
            9
          </span>
        </td>
        <td
          class="fd-calendar__item"
        >
          <span
            class="fd-calendar__text"
            role="button"
          >
            10
          </span>
        </td>
        <td
          class="fd-calendar__item"
        >
          <span
            class="fd-calendar__text"
            role="button"
          >
            11
          </span>
        </td>
        <td
          class="fd-calendar__item"
        >
          <span
            class="fd-calendar__text"
            role="button"
          >
            12
          </span>
        </td>
        <td
          class="fd-calendar__item"
        >
          <span
            class="fd-calendar__text"
            role="button"
          >
            13
          </span>
        </td>
        <td
          class="fd-calendar__item"
        >
          <span
            class="fd-calendar__text"
            role="button"
          >
            14
          </span>
        </td>
        <td
          class="fd-calendar__item"
        >
          <span
            class="fd-calendar__text"
            role="button"
          >
            15
          </span>
        </td>
      </tr>
      <tr
        class="fd-calendar__row"
      >
        <td
          class="fd-calendar__item"
        >
          <span
            class="fd-calendar__text"
            role="button"
          >
            16
          </span>
        </td>
        <td
          class="fd-calendar__item"
        >
          <span
            class="fd-calendar__text"
            role="button"
          >
            17
          </span>
        </td>
        <td
          class="fd-calendar__item"
        >
          <span
            class="fd-calendar__text"
            role="button"
          >
            18
          </span>
        </td>
        <td
          class="fd-calendar__item"
        >
          <span
            class="fd-calendar__text"
            role="button"
          >
            19
          </span>
        </td>
        <td
          class="fd-calendar__item fd-calendar__item--current"
        >
          <span
            class="fd-calendar__text"
            role="button"
          >
            20
          </span>
        </td>
        <td
          class="fd-calendar__item is-selected"
        >
          <span
            class="fd-calendar__text"
            role="button"
          >
            21
          </span>
        </td>
        <td
          class="fd-calendar__item"
        >
          <span
            class="fd-calendar__text"
            role="button"
          >
            22
          </span>
        </td>
      </tr>
      <tr
        class="fd-calendar__row"
      >
        <td
          class="fd-calendar__item"
        >
          <span
            class="fd-calendar__text"
            role="button"
          >
            23
          </span>
        </td>
        <td
          class="fd-calendar__item"
        >
          <span
            class="fd-calendar__text"
            role="button"
          >
            24
          </span>
        </td>
        <td
          class="fd-calendar__item"
        >
          <span
            class="fd-calendar__text"
            role="button"
          >
            25
          </span>
        </td>
        <td
          class="fd-calendar__item"
        >
          <span
            class="fd-calendar__text"
            role="button"
          >
            26
          </span>
        </td>
        <td
          class="fd-calendar__item"
        >
          <span
            class="fd-calendar__text"
            role="button"
          >
            27
          </span>
        </td>
        <td
          class="fd-calendar__item"
        >
          <span
            class="fd-calendar__text"
            role="button"
          >
            28
          </span>
        </td>
        <td
          class="fd-calendar__item"
        >
          <span
            class="fd-calendar__text"
            role="button"
          >
            29
          </span>
        </td>
      </tr>
      <tr
        class="fd-calendar__row"
      >
        <td
          class="fd-calendar__item"
        >
          <span
            class="fd-calendar__text"
            role="button"
          >
            30
          </span>
        </td>
        <td
          class="fd-calendar__item fd-calendar__item--other-month"
        >
          <span
            class="fd-calendar__text"
            role="button"
          >
            1
          </span>
        </td>
        <td
          class="fd-calendar__item fd-calendar__item--other-month"
        >
          <span
            class="fd-calendar__text"
            role="button"
          >
            2
          </span>
        </td>
        <td
          class="fd-calendar__item fd-calendar__item--other-month"
        >
          <span
            class="fd-calendar__text"
            role="button"
          >
            3
          </span>
        </td>
        <td
          class="fd-calendar__item fd-calendar__item--other-month"
        >
          <span
            class="fd-calendar__text"
            role="button"
          >
            4
          </span>
        </td>
        <td
          class="fd-calendar__item fd-calendar__item--other-month"
        >
          <span
            class="fd-calendar__text"
            role="button"
          >
            5
          </span>
        </td>
        <td
          class="fd-calendar__item fd-calendar__item--other-month"
        >
          <span
            class="fd-calendar__text"
            role="button"
          >
            6
          </span>
        </td>
      </tr>
    </tbody>
  </table>
</div>
`;
