// Jest Snapshot v1, https://goo.gl/fbAQLP

exports[`Alert renders correctly 1`] = `
<div
  class="fd-alert fd-alert--warning fd-alert--dismissible"
  id="warningAlert"
  role="alert"
>
  <button
    aria-controls="alert"
    aria-label="Close"
    class="fd-alert__close"
  />
   
</div>
`;

exports[`Alert renders correctly 2`] = `
<div
  class="fd-alert fd-alert--error"
  id="errorAlert"
  role="alert"
>
  <!---->
   
</div>
`;
