// Jest Snapshot v1, https://goo.gl/fbAQLP

exports[`TileGrid renders correctly with col=2 1`] = `
<div
  class="fd-tile-grid fd-tile-grid--2col"
>
  <div
    aria-disabled="false"
    class="fd-tile"
  >
    <div
      class="fd-tile__content"
    >
      <h3
        class="fd-tile__title"
      >
        Tile 1
      </h3>
    </div>
  </div>
   
  <div
    aria-disabled="false"
    class="fd-tile"
  >
    <div
      class="fd-tile__content"
    >
      <h3
        class="fd-tile__title"
      >
        Tile 2
      </h3>
    </div>
  </div>
   
  <div
    aria-disabled="false"
    class="fd-tile"
  >
    <div
      class="fd-tile__content"
    >
      <h3
        class="fd-tile__title"
      >
        Tile 3
      </h3>
    </div>
  </div>
   
  <div
    aria-disabled="false"
    class="fd-tile"
  >
    <div
      class="fd-tile__content"
    >
      <h3
        class="fd-tile__title"
      >
        Tile 4
      </h3>
    </div>
  </div>
   
  <div
    aria-disabled="false"
    class="fd-tile"
  >
    <div
      class="fd-tile__content"
    >
      <h3
        class="fd-tile__title"
      >
        Tile 5
      </h3>
    </div>
  </div>
</div>
`;

exports[`TileGrid renders correctly with col=6 1`] = `
<div
  class="fd-tile-grid fd-tile-grid--2col"
>
  <div
    aria-disabled="false"
    class="fd-tile"
  >
    <div
      class="fd-tile__content"
    >
      <h3
        class="fd-tile__title"
      >
        Tile 1
      </h3>
    </div>
  </div>
   
  <div
    aria-disabled="false"
    class="fd-tile"
  >
    <div
      class="fd-tile__content"
    >
      <h3
        class="fd-tile__title"
      >
        Tile 2
      </h3>
    </div>
  </div>
   
  <div
    aria-disabled="false"
    class="fd-tile"
  >
    <div
      class="fd-tile__content"
    >
      <h3
        class="fd-tile__title"
      >
        Tile 3
      </h3>
    </div>
  </div>
   
  <div
    aria-disabled="false"
    class="fd-tile"
  >
    <div
      class="fd-tile__content"
    >
      <h3
        class="fd-tile__title"
      >
        Tile 4
      </h3>
    </div>
  </div>
   
  <div
    aria-disabled="false"
    class="fd-tile"
  >
    <div
      class="fd-tile__content"
    >
      <h3
        class="fd-tile__title"
      >
        Tile 5
      </h3>
    </div>
  </div>
</div>
`;
