// Jest Snapshot v1, https://goo.gl/fbAQLP

exports[`ListGroup renders correctly 1`] = `
<li
  class="fd-list-group__item"
>
  List Item 1 
  <span
    class="fd-list-group__action"
  >
    <div>
      <div
        class="action-element"
      >
        Action 1
      </div>
      <div
        class="action-element"
      >
        Action 2
      </div>
    </div>
  </span>
</li>
`;
